[00:17:40] [Server thread/INFO]: Romano2000 was slain by Zombified Piglin
[00:17:56] [Server thread/INFO]: Romano2000 was slain by Zombified Piglin
[00:22:57] [Server thread/WARN]: Romano2000 moved wrongly!
[00:24:58] [Server thread/INFO]: Romano2000 has made the advancement [Who is Cutting Onions?]
[00:37:52] [Server thread/INFO]: [Not Secure] [Server] alguien esta jugando escriban si estan jugando
[00:38:06] [Server thread/INFO]: [Not Secure] [Server] voy a ver si apago el sv alguien esta conectado?
[00:39:28] [Server thread/INFO]: Unknown or incomplete command, see below for error
save<--[HERE]
[00:39:54] [User Authenticator #4/INFO]: UUID of player Goj0 is 38c49b64-4c4f-3860-9cc7-470580cdccc6
[00:39:56] [Server thread/INFO]: Goj0 joined the game
[00:39:56] [Server thread/INFO]: Goj0[/127.164.147.19:47015] logged in with entity id 45043 at ([world]643.433583708682, 64.0, -936.3074410201328)
[00:40:03] [Async Chat Thread - #30/INFO]: [Not Secure] <Goj0> roman
[00:40:07] [Async Chat Thread - #30/INFO]: [Not Secure] <Goj0> tas afk?
[00:40:38] [Async Chat Thread - #30/INFO]: [Not Secure] <Romano2000> estaba haciendo unas cuentas
[00:40:43] [Async Chat Thread - #30/INFO]: [Not Secure] <Romano2000> del negocio
[00:40:43] [Async Chat Thread - #30/INFO]: [Not Secure] <Goj0> duerme
[00:41:11] [Async Chat Thread - #30/INFO]: [Not Secure] <Romano2000> ahi te puse una cama en tu base
[00:41:17] [Async Chat Thread - #30/INFO]: [Not Secure] <Goj0> grax
[00:41:24] [Async Chat Thread - #30/INFO]: [Not Secure] <Goj0> mira con quien es q se trade el hierro
[00:41:26] [Async Chat Thread - #30/INFO]: [Not Secure] <Romano2000> falta hacer una granja de xp
[00:41:30] [Async Chat Thread - #30/INFO]: [Not Secure] <Goj0> si ya se
[00:41:33] [Async Chat Thread - #30/INFO]: [Not Secure] <Goj0> la hago mañana
[00:41:37] [Async Chat Thread - #30/INFO]: [Not Secure] <Goj0> hoy no doy pa mas
[00:42:16] [Async Chat Thread - #30/INFO]: [Not Secure] <Romano2000> hay que mejorar estos
[00:42:24] [Async Chat Thread - #30/INFO]: [Not Secure] <Romano2000> los de los hornos
[00:42:38] [Async Chat Thread - #30/INFO]: [Not Secure] <Romano2000> los de la armadura
[00:43:25] [Async Chat Thread - #30/INFO]: [Not Secure] <Romano2000> fui al nether un rato
[00:43:32] [Async Chat Thread - #30/INFO]: [Not Secure] <Romano2000> y consegui 2 enderpearls
[00:48:05] [Async Chat Thread - #32/INFO]: [Not Secure] <Romano2000> tienes esmeralda?
[00:48:07] [Async Chat Thread - #32/INFO]: [Not Secure] <Goj0> no
[00:48:11] [Async Chat Thread - #32/INFO]: [Not Secure] <Goj0> dame ela tril
[00:48:33] [Async Chat Thread - #32/INFO]: [Not Secure] <Goj0> nos lo quedamos?
[00:48:34] [Async Chat Thread - #32/INFO]: [Not Secure] <Romano2000> NAH
[00:48:52] [Async Chat Thread - #32/INFO]: [Not Secure] <Goj0> roman
[00:48:57] [Async Chat Thread - #32/INFO]: [Not Secure] <Goj0> desaparecio el atril
[00:49:01] [Async Chat Thread - #32/INFO]: [Not Secure] <Romano2000> q
[00:49:11] [Async Chat Thread - #32/INFO]: [Not Secure] <Goj0> lo puse paso un aldea por encima y desaparecio
[00:49:44] [Async Chat Thread - #33/INFO]: [Not Secure] <Romano2000> da izquierdo en el piso
[00:49:48] [Async Chat Thread - #33/INFO]: [Not Secure] <Romano2000> y haz magia
[00:50:03] [Async Chat Thread - #33/INFO]: [Not Secure] <Romano2000> xd
[00:50:03] [Async Chat Thread - #33/INFO]: [Not Secure] <Goj0> WAO
[00:50:31] [Async Chat Thread - #33/INFO]: [Not Secure] <Goj0> eficiencia 1
[00:50:36] [Async Chat Thread - #33/INFO]: [Not Secure] <Goj0> lo dejo?
[00:50:57] [Async Chat Thread - #33/INFO]: [Not Secure] <Romano2000> quitalo
[00:52:31] [Async Chat Thread - #34/INFO]: [Not Secure] <Goj0> infinidad
[00:52:33] [Async Chat Thread - #34/INFO]: [Not Secure] <Goj0> lo quito?
[00:52:37] [Async Chat Thread - #34/INFO]: [Not Secure] <Romano2000> si
[00:52:39] [Async Chat Thread - #34/INFO]: [Not Secure] <Romano2000> esa mrd
[00:53:13] [Async Chat Thread - #34/INFO]: [Not Secure] <Goj0> MALDICION DE DESAPARICION
[00:53:16] [Async Chat Thread - #34/INFO]: [Not Secure] <Goj0> ya lo compre
[00:53:36] [Async Chat Thread - #34/INFO]: [Not Secure] <Romano2000> MMGV
[00:54:06] [Async Chat Thread - #34/INFO]: [Not Secure] <Goj0> te voy a singar
[00:54:10] [Async Chat Thread - #34/INFO]: [Not Secure] <Goj0> con un kill
[00:54:13] [Async Chat Thread - #34/INFO]: [Not Secure] <Romano2000> ya ps
[00:54:28] [Async Chat Thread - #34/INFO]: [Not Secure] <Romano2000> es que crei que habias dicho lo otro
[00:54:52] [Async Chat Thread - #34/INFO]: [Not Secure] <Goj0> Poder 3
[00:54:55] [Async Chat Thread - #34/INFO]: [Not Secure] <Romano2000> nah
[00:54:57] [Async Chat Thread - #34/INFO]: [Not Secure] <Goj0> buenisimo
[00:55:01] [Async Chat Thread - #34/INFO]: [Not Secure] <Romano2000> y si hacemos una raid?
[00:55:02] [Async Chat Thread - #34/INFO]: [Not Secure] <Goj0> mejor q filo
[00:55:05] [Async Chat Thread - #34/INFO]: [Not Secure] <Goj0> nopi
[00:55:19] [Async Chat Thread - #34/INFO]: [Not Secure] <Goj0> si lo bebes me salgo
[00:55:21] [Async Chat Thread - #34/INFO]: [Not Secure] <Goj0> y apago el sv
[00:55:32] [Async Chat Thread - #34/INFO]: [Not Secure] <Romano2000> dale chamo
[00:55:36] [Async Chat Thread - #34/INFO]: [Not Secure] <Romano2000> o estas cagao
[00:55:53] [Async Chat Thread - #34/INFO]: [Not Secure] <Goj0> no hasta que salgan buenos libros asi los compramos
[00:56:06] [Async Chat Thread - #35/INFO]: [Not Secure] <Romano2000> pero si no tenemos esmeraldas
[00:56:22] [Async Chat Thread - #35/INFO]: [Not Secure] <Romano2000> MMGV
[00:56:25] [Async Chat Thread - #35/INFO]: [Not Secure] <Goj0> yo se como conseguir
[00:56:26] [Async Chat Thread - #35/INFO]: [Not Secure] <Romano2000> casi me lo tomo
[00:56:30] [Async Chat Thread - #35/INFO]: [Not Secure] <Goj0> idiota
[00:56:35] [Async Chat Thread - #35/INFO]: [Not Secure] <Romano2000> por culpa de un aldeano
[00:56:44] [Async Chat Thread - #35/INFO]: [Not Secure] <Romano2000> igual tengo 3 raids
[00:56:47] [Async Chat Thread - #35/INFO]: [Not Secure] <Romano2000> nivel 2
[00:56:55] [Async Chat Thread - #35/INFO]: [Not Secure] <Goj0> Castigo 4
[00:57:16] [Async Chat Thread - #34/INFO]: [Not Secure] <Romano2000> nah
[00:58:02] [Async Chat Thread - #34/INFO]: [Not Secure] <Goj0> q salio
[01:01:32] [Async Chat Thread - #36/INFO]: [Not Secure] <Goj0> Reparacion
[01:01:37] [Async Chat Thread - #36/INFO]: [Not Secure] <Romano2000> ta listo
[01:01:52] [Async Chat Thread - #36/INFO]: [Not Secure] <Goj0> mira homosexual de mierda
[01:01:56] [Async Chat Thread - #36/INFO]: [Not Secure] <Goj0> que le paso a mi casa
[01:02:04] [Async Chat Thread - #36/INFO]: [Not Secure] <Romano2000> yo q voy a saber
[01:02:10] [Async Chat Thread - #36/INFO]: [Not Secure] <Romano2000> yo entre y ya estaba asi
[01:02:44] [Async Chat Thread - #36/INFO]: [Not Secure] <Goj0> aja inicia la raid rapido
[01:02:55] [Async Chat Thread - #36/INFO]: [Not Secure] <Goj0> primero duerme
[01:04:02] [Async Chat Thread - #38/INFO]: [Not Secure] <Romano2000> estaba lejos
[01:04:37] [Async Chat Thread - #38/INFO]: [Not Secure] <Goj0> dale pues
[01:05:08] [Async Chat Thread - #38/INFO]: [Not Secure] <Goj0> dale pe
[01:05:39] [Async Chat Thread - #38/INFO]: [Not Secure] <Goj0> apurate
[01:05:44] [Async Chat Thread - #38/INFO]: [Not Secure] <Romano2000> tienes hilo?
[01:05:47] [Async Chat Thread - #38/INFO]: [Not Secure] <Goj0> no
[01:05:48] [Async Chat Thread - #38/INFO]: [Not Secure] <Goj0> pa q
[01:06:11] [Async Chat Thread - #38/INFO]: [Not Secure] <Goj0> Rapido puta
[01:06:28] [Async Chat Thread - #38/INFO]: [Not Secure] <Goj0> entra
[01:06:29] [Async Chat Thread - #38/INFO]: [Not Secure] <Romano2000> 10 seg
[01:06:33] [Async Chat Thread - #38/INFO]: [Not Secure] <Romano2000> 5
[01:06:35] [Async Chat Thread - #39/INFO]: [Not Secure] <Romano2000> 4
[01:06:35] [Async Chat Thread - #39/INFO]: [Not Secure] <Romano2000> 3
[01:06:36] [Async Chat Thread - #39/INFO]: [Not Secure] <Romano2000> 2
[01:06:38] [Async Chat Thread - #39/INFO]: [Not Secure] <Romano2000> 1
[01:07:13] [Server thread/INFO]: Romano2000 has made the advancement [Voluntary Exile]
[01:08:09] [Async Chat Thread - #40/INFO]: [Not Secure] <Goj0> no tienes otro estandarte?
[01:08:16] [Async Chat Thread - #40/INFO]: [Not Secure] <Romano2000> no
[01:08:46] [Async Chat Thread - #40/INFO]: [Not Secure] <Goj0> traelo
[01:08:48] [Async Chat Thread - #40/INFO]: [Not Secure] <Goj0> a la lava
[01:08:55] [epollEventLoopGroup-4-4/INFO]: [Geyser-Spigot] Player connected with username Tastiesum
[01:08:55] [localSession-7-1/INFO]: [Geyser-Spigot] Tastiesum (logged in as: Tastiesum) has connected to the Java server
[01:08:55] [Server thread/INFO]: [floodgate] Floodgate player logged in as .Tastiesum joined (UUID: 00000000-0000-0000-0009-01f44a72789f)
[01:08:55] [Server thread/INFO]: .Tastiesum joined the game
[01:08:55] [Server thread/INFO]: .Tastiesum[/127.0.0.1:0] logged in with entity id 49658 at ([world]908.3877, 70.0, -985.0146)
[01:09:58] [Server thread/INFO]: Goj0 has made the advancement [Voluntary Exile]
[01:10:00] [Server thread/INFO]: Romano2000 has completed the challenge [Hero of the Village]
[01:10:00] [Server thread/INFO]: Goj0 has completed the challenge [Hero of the Village]
[01:10:31] [Async Chat Thread - #43/INFO]: [Not Secure] <Goj0> tienes esmeraldas?
[01:10:45] [Async Chat Thread - #43/INFO]: [Not Secure] <Goj0> farmea madera
[01:11:56] [Server thread/INFO]: Goj0 has made the advancement [What a Deal!]
[01:12:05] [Async Chat Thread - #44/INFO]: [Not Secure] <Goj0> cuantas tienes
[01:12:07] [Async Chat Thread - #44/INFO]: [Not Secure] <Goj0> esmeraldas
[01:12:16] [Async Chat Thread - #44/INFO]: [Not Secure] <Romano2000> 14
[01:12:23] [Async Chat Thread - #44/INFO]: [Not Secure] <Goj0> damelas
[01:12:25] [Async Chat Thread - #44/INFO]: [Not Secure] <Goj0> dame 10
[01:12:32] [Async Chat Thread - #44/INFO]: [Not Secure] <Goj0> asi compro la reparacion y se queda
[01:12:33] [Async Chat Thread - #44/INFO]: [Not Secure] <Romano2000> njd
[01:12:41] [Async Chat Thread - #44/INFO]: [Not Secure] <Romano2000> dame 6
[01:12:47] [Async Chat Thread - #44/INFO]: [Not Secure] <Goj0> dame 10 loco
